// Jest Snapshot v1, https://goo.gl/fbAQLP

exports[`matches snapshot 1`] = `
<DocumentFragment>
  <div>
    <div>
      Test Todo
    </div>
    <button>
      Edit
    </button>
    <button>
      X
    </button>
  </div>
</DocumentFragment>
`;
